[0.190s] DEBUG:colcon:Command line arguments: ['/usr/bin/colcon', 'build', '--symlink-install']
[0.190s] DEBUG:colcon:Parsed command line arguments: Namespace(log_base=None, log_level=None, verb_name='build', build_base='build', install_base='install', merge_install=False, symlink_install=True, test_result_base=None, continue_on_error=False, executor='parallel', parallel_workers=4, event_handlers=None, ignore_user_meta=False, metas=['./colcon.meta'], base_paths=['.'], packages_ignore=None, packages_ignore_regex=None, paths=None, packages_up_to=None, packages_up_to_regex=None, packages_above=None, packages_above_and_dependencies=None, packages_above_depth=None, packages_select_by_dep=None, packages_skip_by_dep=None, packages_skip_up_to=None, packages_select_build_failed=False, packages_skip_build_finished=False, packages_select_test_failures=False, packages_skip_test_passed=False, packages_select=None, packages_skip=None, packages_select_regex=None, packages_skip_regex=None, packages_start=None, packages_end=None, cmake_args=None, cmake_target=None, cmake_target_skip_unavailable=False, cmake_clean_cache=False, cmake_clean_first=False, cmake_force_configure=False, ament_cmake_args=None, catkin_cmake_args=None, catkin_skip_building_tests=False, mixin_files=None, mixin=None, verb_parser=<colcon_mixin.mixin.mixin_argument.MixinArgumentDecorator object at 0x773c4a1519d0>, verb_extension=<colcon_core.verb.build.BuildVerb object at 0x773c4a2de060>, main=<bound method BuildVerb.main of <colcon_core.verb.build.BuildVerb object at 0x773c4a2de060>>, mixin_verb=('build',))
[0.265s] Level 1:colcon.colcon_core.package_discovery:discover_packages(colcon_meta) check parameters
[0.266s] INFO:colcon.colcon_metadata.package_discovery.colcon_meta:Using configuration from '/root/.colcon/metadata/default/Gazebo.meta'
[0.267s] INFO:colcon.colcon_metadata.package_discovery.colcon_meta:Using configuration from '/root/.colcon/metadata/default/fastdds.meta'
[0.267s] INFO:colcon.colcon_metadata.package_discovery.colcon_meta:Using configuration from '/root/.colcon/metadata/default/fastrtps.meta'
[0.267s] Level 1:colcon.colcon_core.package_discovery:discover_packages(recursive) check parameters
[0.267s] Level 1:colcon.colcon_core.package_discovery:discover_packages(ignore) check parameters
[0.267s] Level 1:colcon.colcon_core.package_discovery:discover_packages(path) check parameters
[0.267s] Level 1:colcon.colcon_core.package_discovery:discover_packages(colcon_meta) discover
[0.267s] Level 1:colcon.colcon_core.package_discovery:discover_packages(recursive) discover
[0.267s] INFO:colcon.colcon_core.package_discovery:Crawling recursively for packages in '/root/workspaces/ms1242_robotics_fall2025/challenge_hw1/ros2_ws'
[0.267s] Level 1:colcon.colcon_core.package_identification:_identify(.) by extensions ['ignore', 'ignore_ament_install']
[0.267s] Level 1:colcon.colcon_core.package_identification:_identify(.) by extension 'ignore'
[0.268s] Level 1:colcon.colcon_core.package_identification:_identify(.) by extension 'ignore_ament_install'
[0.268s] Level 1:colcon.colcon_core.package_identification:_identify(.) by extensions ['colcon_pkg']
[0.268s] Level 1:colcon.colcon_core.package_identification:_identify(.) by extension 'colcon_pkg'
[0.268s] Level 1:colcon.colcon_core.package_identification:_identify(.) by extensions ['colcon_meta']
[0.268s] Level 1:colcon.colcon_core.package_identification:_identify(.) by extension 'colcon_meta'
[0.268s] Level 1:colcon.colcon_core.package_identification:_identify(.) by extensions ['ros']
[0.268s] Level 1:colcon.colcon_core.package_identification:_identify(.) by extension 'ros'
[0.289s] Level 1:colcon.colcon_core.package_identification:_identify(.) by extensions ['cmake', 'python']
[0.289s] Level 1:colcon.colcon_core.package_identification:_identify(.) by extension 'cmake'
[0.290s] Level 1:colcon.colcon_core.package_identification:_identify(.) by extension 'python'
[0.290s] Level 1:colcon.colcon_core.package_identification:_identify(.) by extensions ['python_setup_py']
[0.290s] Level 1:colcon.colcon_core.package_identification:_identify(.) by extension 'python_setup_py'
[0.290s] Level 1:colcon.colcon_core.package_identification:_identify(build) by extensions ['ignore', 'ignore_ament_install']
[0.290s] Level 1:colcon.colcon_core.package_identification:_identify(build) by extension 'ignore'
[0.290s] Level 1:colcon.colcon_core.package_identification:_identify(build) ignored
[0.290s] Level 1:colcon.colcon_core.package_identification:_identify(install) by extensions ['ignore', 'ignore_ament_install']
[0.290s] Level 1:colcon.colcon_core.package_identification:_identify(install) by extension 'ignore'
[0.290s] Level 1:colcon.colcon_core.package_identification:_identify(install) ignored
[0.290s] Level 1:colcon.colcon_core.package_identification:_identify(log) by extensions ['ignore', 'ignore_ament_install']
[0.290s] Level 1:colcon.colcon_core.package_identification:_identify(log) by extension 'ignore'
[0.290s] Level 1:colcon.colcon_core.package_identification:_identify(log) ignored
[0.290s] Level 1:colcon.colcon_core.package_identification:_identify(src) by extensions ['ignore', 'ignore_ament_install']
[0.290s] Level 1:colcon.colcon_core.package_identification:_identify(src) by extension 'ignore'
[0.290s] Level 1:colcon.colcon_core.package_identification:_identify(src) by extension 'ignore_ament_install'
[0.290s] Level 1:colcon.colcon_core.package_identification:_identify(src) by extensions ['colcon_pkg']
[0.290s] Level 1:colcon.colcon_core.package_identification:_identify(src) by extension 'colcon_pkg'
[0.290s] Level 1:colcon.colcon_core.package_identification:_identify(src) by extensions ['colcon_meta']
[0.290s] Level 1:colcon.colcon_core.package_identification:_identify(src) by extension 'colcon_meta'
[0.291s] Level 1:colcon.colcon_core.package_identification:_identify(src) by extensions ['ros']
[0.291s] Level 1:colcon.colcon_core.package_identification:_identify(src) by extension 'ros'
[0.291s] Level 1:colcon.colcon_core.package_identification:_identify(src) by extensions ['cmake', 'python']
[0.291s] Level 1:colcon.colcon_core.package_identification:_identify(src) by extension 'cmake'
[0.291s] Level 1:colcon.colcon_core.package_identification:_identify(src) by extension 'python'
[0.291s] Level 1:colcon.colcon_core.package_identification:_identify(src) by extensions ['python_setup_py']
[0.291s] Level 1:colcon.colcon_core.package_identification:_identify(src) by extension 'python_setup_py'
[0.291s] Level 1:colcon.colcon_core.package_identification:_identify(src/ArmBot_description) by extensions ['ignore', 'ignore_ament_install']
[0.291s] Level 1:colcon.colcon_core.package_identification:_identify(src/ArmBot_description) by extension 'ignore'
[0.291s] Level 1:colcon.colcon_core.package_identification:_identify(src/ArmBot_description) by extension 'ignore_ament_install'
[0.291s] Level 1:colcon.colcon_core.package_identification:_identify(src/ArmBot_description) by extensions ['colcon_pkg']
[0.291s] Level 1:colcon.colcon_core.package_identification:_identify(src/ArmBot_description) by extension 'colcon_pkg'
[0.291s] Level 1:colcon.colcon_core.package_identification:_identify(src/ArmBot_description) by extensions ['colcon_meta']
[0.291s] Level 1:colcon.colcon_core.package_identification:_identify(src/ArmBot_description) by extension 'colcon_meta'
[0.291s] Level 1:colcon.colcon_core.package_identification:_identify(src/ArmBot_description) by extensions ['ros']
[0.291s] Level 1:colcon.colcon_core.package_identification:_identify(src/ArmBot_description) by extension 'ros'
[0.291s] Level 1:colcon.colcon_core.package_identification:_identify(src/ArmBot_description) by extensions ['cmake', 'python']
[0.291s] Level 1:colcon.colcon_core.package_identification:_identify(src/ArmBot_description) by extension 'cmake'
[0.291s] Level 1:colcon.colcon_core.package_identification:_identify(src/ArmBot_description) by extension 'python'
[0.291s] Level 1:colcon.colcon_core.package_identification:_identify(src/ArmBot_description) by extensions ['python_setup_py']
[0.291s] Level 1:colcon.colcon_core.package_identification:_identify(src/ArmBot_description) by extension 'python_setup_py'
[0.291s] Level 1:colcon.colcon_core.package_identification:_identify(src/ArmBot_description/ArmBot_description) by extensions ['ignore', 'ignore_ament_install']
[0.291s] Level 1:colcon.colcon_core.package_identification:_identify(src/ArmBot_description/ArmBot_description) by extension 'ignore'
[0.291s] Level 1:colcon.colcon_core.package_identification:_identify(src/ArmBot_description/ArmBot_description) by extension 'ignore_ament_install'
[0.291s] Level 1:colcon.colcon_core.package_identification:_identify(src/ArmBot_description/ArmBot_description) by extensions ['colcon_pkg']
[0.291s] Level 1:colcon.colcon_core.package_identification:_identify(src/ArmBot_description/ArmBot_description) by extension 'colcon_pkg'
[0.291s] Level 1:colcon.colcon_core.package_identification:_identify(src/ArmBot_description/ArmBot_description) by extensions ['colcon_meta']
[0.292s] Level 1:colcon.colcon_core.package_identification:_identify(src/ArmBot_description/ArmBot_description) by extension 'colcon_meta'
[0.292s] Level 1:colcon.colcon_core.package_identification:_identify(src/ArmBot_description/ArmBot_description) by extensions ['ros']
[0.292s] Level 1:colcon.colcon_core.package_identification:_identify(src/ArmBot_description/ArmBot_description) by extension 'ros'
[0.295s] DEBUG:colcon.colcon_core.package_identification:Package 'src/ArmBot_description/ArmBot_description' with type 'ros.ament_python' and name 'ArmBot_description'
[0.295s] Level 1:colcon.colcon_core.package_identification:_identify(src/ArmBot_description/__MACOSX) by extensions ['ignore', 'ignore_ament_install']
[0.295s] Level 1:colcon.colcon_core.package_identification:_identify(src/ArmBot_description/__MACOSX) by extension 'ignore'
[0.295s] Level 1:colcon.colcon_core.package_identification:_identify(src/ArmBot_description/__MACOSX) by extension 'ignore_ament_install'
[0.296s] Level 1:colcon.colcon_core.package_identification:_identify(src/ArmBot_description/__MACOSX) by extensions ['colcon_pkg']
[0.296s] Level 1:colcon.colcon_core.package_identification:_identify(src/ArmBot_description/__MACOSX) by extension 'colcon_pkg'
[0.296s] Level 1:colcon.colcon_core.package_identification:_identify(src/ArmBot_description/__MACOSX) by extensions ['colcon_meta']
[0.296s] Level 1:colcon.colcon_core.package_identification:_identify(src/ArmBot_description/__MACOSX) by extension 'colcon_meta'
[0.296s] Level 1:colcon.colcon_core.package_identification:_identify(src/ArmBot_description/__MACOSX) by extensions ['ros']
[0.296s] Level 1:colcon.colcon_core.package_identification:_identify(src/ArmBot_description/__MACOSX) by extension 'ros'
[0.296s] Level 1:colcon.colcon_core.package_identification:_identify(src/ArmBot_description/__MACOSX) by extensions ['cmake', 'python']
[0.296s] Level 1:colcon.colcon_core.package_identification:_identify(src/ArmBot_description/__MACOSX) by extension 'cmake'
[0.296s] Level 1:colcon.colcon_core.package_identification:_identify(src/ArmBot_description/__MACOSX) by extension 'python'
[0.296s] Level 1:colcon.colcon_core.package_identification:_identify(src/ArmBot_description/__MACOSX) by extensions ['python_setup_py']
[0.296s] Level 1:colcon.colcon_core.package_identification:_identify(src/ArmBot_description/__MACOSX) by extension 'python_setup_py'
[0.296s] Level 1:colcon.colcon_core.package_identification:_identify(src/ArmBot_description/__MACOSX/ArmBot_description) by extensions ['ignore', 'ignore_ament_install']
[0.296s] Level 1:colcon.colcon_core.package_identification:_identify(src/ArmBot_description/__MACOSX/ArmBot_description) by extension 'ignore'
[0.296s] Level 1:colcon.colcon_core.package_identification:_identify(src/ArmBot_description/__MACOSX/ArmBot_description) by extension 'ignore_ament_install'
[0.296s] Level 1:colcon.colcon_core.package_identification:_identify(src/ArmBot_description/__MACOSX/ArmBot_description) by extensions ['colcon_pkg']
[0.296s] Level 1:colcon.colcon_core.package_identification:_identify(src/ArmBot_description/__MACOSX/ArmBot_description) by extension 'colcon_pkg'
[0.296s] Level 1:colcon.colcon_core.package_identification:_identify(src/ArmBot_description/__MACOSX/ArmBot_description) by extensions ['colcon_meta']
[0.296s] Level 1:colcon.colcon_core.package_identification:_identify(src/ArmBot_description/__MACOSX/ArmBot_description) by extension 'colcon_meta'
[0.296s] Level 1:colcon.colcon_core.package_identification:_identify(src/ArmBot_description/__MACOSX/ArmBot_description) by extensions ['ros']
[0.296s] Level 1:colcon.colcon_core.package_identification:_identify(src/ArmBot_description/__MACOSX/ArmBot_description) by extension 'ros'
[0.296s] Level 1:colcon.colcon_core.package_identification:_identify(src/ArmBot_description/__MACOSX/ArmBot_description) by extensions ['cmake', 'python']
[0.296s] Level 1:colcon.colcon_core.package_identification:_identify(src/ArmBot_description/__MACOSX/ArmBot_description) by extension 'cmake'
[0.296s] Level 1:colcon.colcon_core.package_identification:_identify(src/ArmBot_description/__MACOSX/ArmBot_description) by extension 'python'
[0.296s] Level 1:colcon.colcon_core.package_identification:_identify(src/ArmBot_description/__MACOSX/ArmBot_description) by extensions ['python_setup_py']
[0.296s] Level 1:colcon.colcon_core.package_identification:_identify(src/ArmBot_description/__MACOSX/ArmBot_description) by extension 'python_setup_py'
[0.296s] Level 1:colcon.colcon_core.package_identification:_identify(src/ArmBot_description/__MACOSX/ArmBot_description/ArmBot_description) by extensions ['ignore', 'ignore_ament_install']
[0.297s] Level 1:colcon.colcon_core.package_identification:_identify(src/ArmBot_description/__MACOSX/ArmBot_description/ArmBot_description) by extension 'ignore'
[0.297s] Level 1:colcon.colcon_core.package_identification:_identify(src/ArmBot_description/__MACOSX/ArmBot_description/ArmBot_description) by extension 'ignore_ament_install'
[0.297s] Level 1:colcon.colcon_core.package_identification:_identify(src/ArmBot_description/__MACOSX/ArmBot_description/ArmBot_description) by extensions ['colcon_pkg']
[0.297s] Level 1:colcon.colcon_core.package_identification:_identify(src/ArmBot_description/__MACOSX/ArmBot_description/ArmBot_description) by extension 'colcon_pkg'
[0.297s] Level 1:colcon.colcon_core.package_identification:_identify(src/ArmBot_description/__MACOSX/ArmBot_description/ArmBot_description) by extensions ['colcon_meta']
[0.297s] Level 1:colcon.colcon_core.package_identification:_identify(src/ArmBot_description/__MACOSX/ArmBot_description/ArmBot_description) by extension 'colcon_meta'
[0.297s] Level 1:colcon.colcon_core.package_identification:_identify(src/ArmBot_description/__MACOSX/ArmBot_description/ArmBot_description) by extensions ['ros']
[0.297s] Level 1:colcon.colcon_core.package_identification:_identify(src/ArmBot_description/__MACOSX/ArmBot_description/ArmBot_description) by extension 'ros'
[0.297s] Level 1:colcon.colcon_core.package_identification:_identify(src/ArmBot_description/__MACOSX/ArmBot_description/ArmBot_description) by extensions ['cmake', 'python']
[0.297s] Level 1:colcon.colcon_core.package_identification:_identify(src/ArmBot_description/__MACOSX/ArmBot_description/ArmBot_description) by extension 'cmake'
[0.297s] Level 1:colcon.colcon_core.package_identification:_identify(src/ArmBot_description/__MACOSX/ArmBot_description/ArmBot_description) by extension 'python'
[0.297s] Level 1:colcon.colcon_core.package_identification:_identify(src/ArmBot_description/__MACOSX/ArmBot_description/ArmBot_description) by extensions ['python_setup_py']
[0.297s] Level 1:colcon.colcon_core.package_identification:_identify(src/ArmBot_description/__MACOSX/ArmBot_description/ArmBot_description) by extension 'python_setup_py'
[0.297s] Level 1:colcon.colcon_core.package_identification:_identify(src/ArmBot_description/__MACOSX/ArmBot_description/config) by extensions ['ignore', 'ignore_ament_install']
[0.297s] Level 1:colcon.colcon_core.package_identification:_identify(src/ArmBot_description/__MACOSX/ArmBot_description/config) by extension 'ignore'
[0.297s] Level 1:colcon.colcon_core.package_identification:_identify(src/ArmBot_description/__MACOSX/ArmBot_description/config) by extension 'ignore_ament_install'
[0.297s] Level 1:colcon.colcon_core.package_identification:_identify(src/ArmBot_description/__MACOSX/ArmBot_description/config) by extensions ['colcon_pkg']
[0.297s] Level 1:colcon.colcon_core.package_identification:_identify(src/ArmBot_description/__MACOSX/ArmBot_description/config) by extension 'colcon_pkg'
[0.297s] Level 1:colcon.colcon_core.package_identification:_identify(src/ArmBot_description/__MACOSX/ArmBot_description/config) by extensions ['colcon_meta']
[0.297s] Level 1:colcon.colcon_core.package_identification:_identify(src/ArmBot_description/__MACOSX/ArmBot_description/config) by extension 'colcon_meta'
[0.297s] Level 1:colcon.colcon_core.package_identification:_identify(src/ArmBot_description/__MACOSX/ArmBot_description/config) by extensions ['ros']
[0.297s] Level 1:colcon.colcon_core.package_identification:_identify(src/ArmBot_description/__MACOSX/ArmBot_description/config) by extension 'ros'
[0.297s] Level 1:colcon.colcon_core.package_identification:_identify(src/ArmBot_description/__MACOSX/ArmBot_description/config) by extensions ['cmake', 'python']
[0.297s] Level 1:colcon.colcon_core.package_identification:_identify(src/ArmBot_description/__MACOSX/ArmBot_description/config) by extension 'cmake'
[0.297s] Level 1:colcon.colcon_core.package_identification:_identify(src/ArmBot_description/__MACOSX/ArmBot_description/config) by extension 'python'
[0.297s] Level 1:colcon.colcon_core.package_identification:_identify(src/ArmBot_description/__MACOSX/ArmBot_description/config) by extensions ['python_setup_py']
[0.297s] Level 1:colcon.colcon_core.package_identification:_identify(src/ArmBot_description/__MACOSX/ArmBot_description/config) by extension 'python_setup_py'
[0.298s] Level 1:colcon.colcon_core.package_identification:_identify(src/ArmBot_description/__MACOSX/ArmBot_description/launch) by extensions ['ignore', 'ignore_ament_install']
[0.298s] Level 1:colcon.colcon_core.package_identification:_identify(src/ArmBot_description/__MACOSX/ArmBot_description/launch) by extension 'ignore'
[0.298s] Level 1:colcon.colcon_core.package_identification:_identify(src/ArmBot_description/__MACOSX/ArmBot_description/launch) by extension 'ignore_ament_install'
[0.298s] Level 1:colcon.colcon_core.package_identification:_identify(src/ArmBot_description/__MACOSX/ArmBot_description/launch) by extensions ['colcon_pkg']
[0.298s] Level 1:colcon.colcon_core.package_identification:_identify(src/ArmBot_description/__MACOSX/ArmBot_description/launch) by extension 'colcon_pkg'
[0.298s] Level 1:colcon.colcon_core.package_identification:_identify(src/ArmBot_description/__MACOSX/ArmBot_description/launch) by extensions ['colcon_meta']
[0.298s] Level 1:colcon.colcon_core.package_identification:_identify(src/ArmBot_description/__MACOSX/ArmBot_description/launch) by extension 'colcon_meta'
[0.298s] Level 1:colcon.colcon_core.package_identification:_identify(src/ArmBot_description/__MACOSX/ArmBot_description/launch) by extensions ['ros']
[0.298s] Level 1:colcon.colcon_core.package_identification:_identify(src/ArmBot_description/__MACOSX/ArmBot_description/launch) by extension 'ros'
[0.298s] Level 1:colcon.colcon_core.package_identification:_identify(src/ArmBot_description/__MACOSX/ArmBot_description/launch) by extensions ['cmake', 'python']
[0.298s] Level 1:colcon.colcon_core.package_identification:_identify(src/ArmBot_description/__MACOSX/ArmBot_description/launch) by extension 'cmake'
[0.298s] Level 1:colcon.colcon_core.package_identification:_identify(src/ArmBot_description/__MACOSX/ArmBot_description/launch) by extension 'python'
[0.298s] Level 1:colcon.colcon_core.package_identification:_identify(src/ArmBot_description/__MACOSX/ArmBot_description/launch) by extensions ['python_setup_py']
[0.298s] Level 1:colcon.colcon_core.package_identification:_identify(src/ArmBot_description/__MACOSX/ArmBot_description/launch) by extension 'python_setup_py'
[0.298s] Level 1:colcon.colcon_core.package_identification:_identify(src/ArmBot_description/__MACOSX/ArmBot_description/meshes) by extensions ['ignore', 'ignore_ament_install']
[0.298s] Level 1:colcon.colcon_core.package_identification:_identify(src/ArmBot_description/__MACOSX/ArmBot_description/meshes) by extension 'ignore'
[0.298s] Level 1:colcon.colcon_core.package_identification:_identify(src/ArmBot_description/__MACOSX/ArmBot_description/meshes) by extension 'ignore_ament_install'
[0.298s] Level 1:colcon.colcon_core.package_identification:_identify(src/ArmBot_description/__MACOSX/ArmBot_description/meshes) by extensions ['colcon_pkg']
[0.298s] Level 1:colcon.colcon_core.package_identification:_identify(src/ArmBot_description/__MACOSX/ArmBot_description/meshes) by extension 'colcon_pkg'
[0.298s] Level 1:colcon.colcon_core.package_identification:_identify(src/ArmBot_description/__MACOSX/ArmBot_description/meshes) by extensions ['colcon_meta']
[0.298s] Level 1:colcon.colcon_core.package_identification:_identify(src/ArmBot_description/__MACOSX/ArmBot_description/meshes) by extension 'colcon_meta'
[0.298s] Level 1:colcon.colcon_core.package_identification:_identify(src/ArmBot_description/__MACOSX/ArmBot_description/meshes) by extensions ['ros']
[0.298s] Level 1:colcon.colcon_core.package_identification:_identify(src/ArmBot_description/__MACOSX/ArmBot_description/meshes) by extension 'ros'
[0.298s] Level 1:colcon.colcon_core.package_identification:_identify(src/ArmBot_description/__MACOSX/ArmBot_description/meshes) by extensions ['cmake', 'python']
[0.298s] Level 1:colcon.colcon_core.package_identification:_identify(src/ArmBot_description/__MACOSX/ArmBot_description/meshes) by extension 'cmake'
[0.298s] Level 1:colcon.colcon_core.package_identification:_identify(src/ArmBot_description/__MACOSX/ArmBot_description/meshes) by extension 'python'
[0.298s] Level 1:colcon.colcon_core.package_identification:_identify(src/ArmBot_description/__MACOSX/ArmBot_description/meshes) by extensions ['python_setup_py']
[0.298s] Level 1:colcon.colcon_core.package_identification:_identify(src/ArmBot_description/__MACOSX/ArmBot_description/meshes) by extension 'python_setup_py'
[0.299s] Level 1:colcon.colcon_core.package_identification:_identify(src/ArmBot_description/__MACOSX/ArmBot_description/resource) by extensions ['ignore', 'ignore_ament_install']
[0.299s] Level 1:colcon.colcon_core.package_identification:_identify(src/ArmBot_description/__MACOSX/ArmBot_description/resource) by extension 'ignore'
[0.299s] Level 1:colcon.colcon_core.package_identification:_identify(src/ArmBot_description/__MACOSX/ArmBot_description/resource) by extension 'ignore_ament_install'
[0.299s] Level 1:colcon.colcon_core.package_identification:_identify(src/ArmBot_description/__MACOSX/ArmBot_description/resource) by extensions ['colcon_pkg']
[0.299s] Level 1:colcon.colcon_core.package_identification:_identify(src/ArmBot_description/__MACOSX/ArmBot_description/resource) by extension 'colcon_pkg'
[0.299s] Level 1:colcon.colcon_core.package_identification:_identify(src/ArmBot_description/__MACOSX/ArmBot_description/resource) by extensions ['colcon_meta']
[0.299s] Level 1:colcon.colcon_core.package_identification:_identify(src/ArmBot_description/__MACOSX/ArmBot_description/resource) by extension 'colcon_meta'
[0.299s] Level 1:colcon.colcon_core.package_identification:_identify(src/ArmBot_description/__MACOSX/ArmBot_description/resource) by extensions ['ros']
[0.299s] Level 1:colcon.colcon_core.package_identification:_identify(src/ArmBot_description/__MACOSX/ArmBot_description/resource) by extension 'ros'
[0.299s] Level 1:colcon.colcon_core.package_identification:_identify(src/ArmBot_description/__MACOSX/ArmBot_description/resource) by extensions ['cmake', 'python']
[0.299s] Level 1:colcon.colcon_core.package_identification:_identify(src/ArmBot_description/__MACOSX/ArmBot_description/resource) by extension 'cmake'
[0.299s] Level 1:colcon.colcon_core.package_identification:_identify(src/ArmBot_description/__MACOSX/ArmBot_description/resource) by extension 'python'
[0.299s] Level 1:colcon.colcon_core.package_identification:_identify(src/ArmBot_description/__MACOSX/ArmBot_description/resource) by extensions ['python_setup_py']
[0.299s] Level 1:colcon.colcon_core.package_identification:_identify(src/ArmBot_description/__MACOSX/ArmBot_description/resource) by extension 'python_setup_py'
[0.299s] Level 1:colcon.colcon_core.package_identification:_identify(src/ArmBot_description/__MACOSX/ArmBot_description/test) by extensions ['ignore', 'ignore_ament_install']
[0.299s] Level 1:colcon.colcon_core.package_identification:_identify(src/ArmBot_description/__MACOSX/ArmBot_description/test) by extension 'ignore'
[0.299s] Level 1:colcon.colcon_core.package_identification:_identify(src/ArmBot_description/__MACOSX/ArmBot_description/test) by extension 'ignore_ament_install'
[0.299s] Level 1:colcon.colcon_core.package_identification:_identify(src/ArmBot_description/__MACOSX/ArmBot_description/test) by extensions ['colcon_pkg']
[0.299s] Level 1:colcon.colcon_core.package_identification:_identify(src/ArmBot_description/__MACOSX/ArmBot_description/test) by extension 'colcon_pkg'
[0.299s] Level 1:colcon.colcon_core.package_identification:_identify(src/ArmBot_description/__MACOSX/ArmBot_description/test) by extensions ['colcon_meta']
[0.299s] Level 1:colcon.colcon_core.package_identification:_identify(src/ArmBot_description/__MACOSX/ArmBot_description/test) by extension 'colcon_meta'
[0.299s] Level 1:colcon.colcon_core.package_identification:_identify(src/ArmBot_description/__MACOSX/ArmBot_description/test) by extensions ['ros']
[0.299s] Level 1:colcon.colcon_core.package_identification:_identify(src/ArmBot_description/__MACOSX/ArmBot_description/test) by extension 'ros'
[0.299s] Level 1:colcon.colcon_core.package_identification:_identify(src/ArmBot_description/__MACOSX/ArmBot_description/test) by extensions ['cmake', 'python']
[0.299s] Level 1:colcon.colcon_core.package_identification:_identify(src/ArmBot_description/__MACOSX/ArmBot_description/test) by extension 'cmake'
[0.299s] Level 1:colcon.colcon_core.package_identification:_identify(src/ArmBot_description/__MACOSX/ArmBot_description/test) by extension 'python'
[0.300s] Level 1:colcon.colcon_core.package_identification:_identify(src/ArmBot_description/__MACOSX/ArmBot_description/test) by extensions ['python_setup_py']
[0.300s] Level 1:colcon.colcon_core.package_identification:_identify(src/ArmBot_description/__MACOSX/ArmBot_description/test) by extension 'python_setup_py'
[0.300s] Level 1:colcon.colcon_core.package_identification:_identify(src/ArmBot_description/__MACOSX/ArmBot_description/urdf) by extensions ['ignore', 'ignore_ament_install']
[0.300s] Level 1:colcon.colcon_core.package_identification:_identify(src/ArmBot_description/__MACOSX/ArmBot_description/urdf) by extension 'ignore'
[0.300s] Level 1:colcon.colcon_core.package_identification:_identify(src/ArmBot_description/__MACOSX/ArmBot_description/urdf) by extension 'ignore_ament_install'
[0.300s] Level 1:colcon.colcon_core.package_identification:_identify(src/ArmBot_description/__MACOSX/ArmBot_description/urdf) by extensions ['colcon_pkg']
[0.300s] Level 1:colcon.colcon_core.package_identification:_identify(src/ArmBot_description/__MACOSX/ArmBot_description/urdf) by extension 'colcon_pkg'
[0.300s] Level 1:colcon.colcon_core.package_identification:_identify(src/ArmBot_description/__MACOSX/ArmBot_description/urdf) by extensions ['colcon_meta']
[0.300s] Level 1:colcon.colcon_core.package_identification:_identify(src/ArmBot_description/__MACOSX/ArmBot_description/urdf) by extension 'colcon_meta'
[0.300s] Level 1:colcon.colcon_core.package_identification:_identify(src/ArmBot_description/__MACOSX/ArmBot_description/urdf) by extensions ['ros']
[0.300s] Level 1:colcon.colcon_core.package_identification:_identify(src/ArmBot_description/__MACOSX/ArmBot_description/urdf) by extension 'ros'
[0.300s] Level 1:colcon.colcon_core.package_identification:_identify(src/ArmBot_description/__MACOSX/ArmBot_description/urdf) by extensions ['cmake', 'python']
[0.300s] Level 1:colcon.colcon_core.package_identification:_identify(src/ArmBot_description/__MACOSX/ArmBot_description/urdf) by extension 'cmake'
[0.300s] Level 1:colcon.colcon_core.package_identification:_identify(src/ArmBot_description/__MACOSX/ArmBot_description/urdf) by extension 'python'
[0.300s] Level 1:colcon.colcon_core.package_identification:_identify(src/ArmBot_description/__MACOSX/ArmBot_description/urdf) by extensions ['python_setup_py']
[0.300s] Level 1:colcon.colcon_core.package_identification:_identify(src/ArmBot_description/__MACOSX/ArmBot_description/urdf) by extension 'python_setup_py'
[0.300s] Level 1:colcon.colcon_core.package_identification:_identify(src/ArmBot_moveit) by extensions ['ignore', 'ignore_ament_install']
[0.300s] Level 1:colcon.colcon_core.package_identification:_identify(src/ArmBot_moveit) by extension 'ignore'
[0.300s] Level 1:colcon.colcon_core.package_identification:_identify(src/ArmBot_moveit) by extension 'ignore_ament_install'
[0.300s] Level 1:colcon.colcon_core.package_identification:_identify(src/ArmBot_moveit) by extensions ['colcon_pkg']
[0.300s] Level 1:colcon.colcon_core.package_identification:_identify(src/ArmBot_moveit) by extension 'colcon_pkg'
[0.300s] Level 1:colcon.colcon_core.package_identification:_identify(src/ArmBot_moveit) by extensions ['colcon_meta']
[0.300s] Level 1:colcon.colcon_core.package_identification:_identify(src/ArmBot_moveit) by extension 'colcon_meta'
[0.300s] Level 1:colcon.colcon_core.package_identification:_identify(src/ArmBot_moveit) by extensions ['ros']
[0.300s] Level 1:colcon.colcon_core.package_identification:_identify(src/ArmBot_moveit) by extension 'ros'
[0.301s] DEBUG:colcon.colcon_core.package_identification:Package 'src/ArmBot_moveit' with type 'ros.ament_python' and name 'ArmBot_moveit'
[0.301s] Level 1:colcon.colcon_core.package_discovery:discover_packages(recursive) using defaults
[0.301s] Level 1:colcon.colcon_core.package_discovery:discover_packages(ignore) discover
[0.301s] Level 1:colcon.colcon_core.package_discovery:discover_packages(ignore) using defaults
[0.301s] Level 1:colcon.colcon_core.package_discovery:discover_packages(path) discover
[0.301s] Level 1:colcon.colcon_core.package_discovery:discover_packages(path) using defaults
[0.334s] Level 5:colcon.colcon_core.verb:set package 'ArmBot_description' build argument 'cmake_args' from command line to 'None'
[0.334s] Level 5:colcon.colcon_core.verb:set package 'ArmBot_description' build argument 'cmake_target' from command line to 'None'
[0.334s] Level 5:colcon.colcon_core.verb:set package 'ArmBot_description' build argument 'cmake_target_skip_unavailable' from command line to 'False'
[0.334s] Level 5:colcon.colcon_core.verb:set package 'ArmBot_description' build argument 'cmake_clean_cache' from command line to 'False'
[0.334s] Level 5:colcon.colcon_core.verb:set package 'ArmBot_description' build argument 'cmake_clean_first' from command line to 'False'
[0.334s] Level 5:colcon.colcon_core.verb:set package 'ArmBot_description' build argument 'cmake_force_configure' from command line to 'False'
[0.334s] Level 5:colcon.colcon_core.verb:set package 'ArmBot_description' build argument 'ament_cmake_args' from command line to 'None'
[0.334s] Level 5:colcon.colcon_core.verb:set package 'ArmBot_description' build argument 'catkin_cmake_args' from command line to 'None'
[0.334s] Level 5:colcon.colcon_core.verb:set package 'ArmBot_description' build argument 'catkin_skip_building_tests' from command line to 'False'
[0.334s] DEBUG:colcon.colcon_core.verb:Building package 'ArmBot_description' with the following arguments: {'ament_cmake_args': None, 'build_base': '/root/workspaces/ms1242_robotics_fall2025/challenge_hw1/ros2_ws/build/ArmBot_description', 'catkin_cmake_args': None, 'catkin_skip_building_tests': False, 'cmake_args': None, 'cmake_clean_cache': False, 'cmake_clean_first': False, 'cmake_force_configure': False, 'cmake_target': None, 'cmake_target_skip_unavailable': False, 'install_base': '/root/workspaces/ms1242_robotics_fall2025/challenge_hw1/ros2_ws/install/ArmBot_description', 'merge_install': False, 'path': '/root/workspaces/ms1242_robotics_fall2025/challenge_hw1/ros2_ws/src/ArmBot_description/ArmBot_description', 'symlink_install': True, 'test_result_base': None}
[0.334s] Level 5:colcon.colcon_core.verb:set package 'ArmBot_moveit' build argument 'cmake_args' from command line to 'None'
[0.334s] Level 5:colcon.colcon_core.verb:set package 'ArmBot_moveit' build argument 'cmake_target' from command line to 'None'
[0.334s] Level 5:colcon.colcon_core.verb:set package 'ArmBot_moveit' build argument 'cmake_target_skip_unavailable' from command line to 'False'
[0.334s] Level 5:colcon.colcon_core.verb:set package 'ArmBot_moveit' build argument 'cmake_clean_cache' from command line to 'False'
[0.334s] Level 5:colcon.colcon_core.verb:set package 'ArmBot_moveit' build argument 'cmake_clean_first' from command line to 'False'
[0.334s] Level 5:colcon.colcon_core.verb:set package 'ArmBot_moveit' build argument 'cmake_force_configure' from command line to 'False'
[0.334s] Level 5:colcon.colcon_core.verb:set package 'ArmBot_moveit' build argument 'ament_cmake_args' from command line to 'None'
[0.334s] Level 5:colcon.colcon_core.verb:set package 'ArmBot_moveit' build argument 'catkin_cmake_args' from command line to 'None'
[0.334s] Level 5:colcon.colcon_core.verb:set package 'ArmBot_moveit' build argument 'catkin_skip_building_tests' from command line to 'False'
[0.334s] DEBUG:colcon.colcon_core.verb:Building package 'ArmBot_moveit' with the following arguments: {'ament_cmake_args': None, 'build_base': '/root/workspaces/ms1242_robotics_fall2025/challenge_hw1/ros2_ws/build/ArmBot_moveit', 'catkin_cmake_args': None, 'catkin_skip_building_tests': False, 'cmake_args': None, 'cmake_clean_cache': False, 'cmake_clean_first': False, 'cmake_force_configure': False, 'cmake_target': None, 'cmake_target_skip_unavailable': False, 'install_base': '/root/workspaces/ms1242_robotics_fall2025/challenge_hw1/ros2_ws/install/ArmBot_moveit', 'merge_install': False, 'path': '/root/workspaces/ms1242_robotics_fall2025/challenge_hw1/ros2_ws/src/ArmBot_moveit', 'symlink_install': True, 'test_result_base': None}
[0.334s] INFO:colcon.colcon_core.executor:Executing jobs using 'parallel' executor
[0.335s] DEBUG:colcon.colcon_parallel_executor.executor.parallel:run_until_complete
[0.335s] INFO:colcon.colcon_ros.task.ament_python.build:Building ROS package in '/root/workspaces/ms1242_robotics_fall2025/challenge_hw1/ros2_ws/src/ArmBot_description/ArmBot_description' with build type 'ament_python'
[0.336s] Level 1:colcon.colcon_core.shell:create_environment_hook('ArmBot_description', 'ament_prefix_path')
[0.340s] INFO:colcon.colcon_core.plugin_system:Skipping extension 'colcon_core.shell.bat': Not used on non-Windows systems
[0.340s] INFO:colcon.colcon_core.shell:Creating environment hook '/root/workspaces/ms1242_robotics_fall2025/challenge_hw1/ros2_ws/install/ArmBot_description/share/ArmBot_description/hook/ament_prefix_path.ps1'
[0.342s] INFO:colcon.colcon_core.shell:Creating environment descriptor '/root/workspaces/ms1242_robotics_fall2025/challenge_hw1/ros2_ws/install/ArmBot_description/share/ArmBot_description/hook/ament_prefix_path.dsv'
[0.343s] INFO:colcon.colcon_core.shell:Creating environment hook '/root/workspaces/ms1242_robotics_fall2025/challenge_hw1/ros2_ws/install/ArmBot_description/share/ArmBot_description/hook/ament_prefix_path.sh'
[0.344s] INFO:colcon.colcon_core.shell:Skip shell extension 'powershell' for command environment: Not usable outside of PowerShell
[0.344s] DEBUG:colcon.colcon_core.shell:Skip shell extension 'dsv' for command environment
[0.354s] INFO:colcon.colcon_ros.task.ament_python.build:Building ROS package in '/root/workspaces/ms1242_robotics_fall2025/challenge_hw1/ros2_ws/src/ArmBot_moveit' with build type 'ament_python'
[0.354s] Level 1:colcon.colcon_core.shell:create_environment_hook('ArmBot_moveit', 'ament_prefix_path')
[0.354s] INFO:colcon.colcon_core.shell:Creating environment hook '/root/workspaces/ms1242_robotics_fall2025/challenge_hw1/ros2_ws/install/ArmBot_moveit/share/ArmBot_moveit/hook/ament_prefix_path.ps1'
[0.357s] INFO:colcon.colcon_core.shell:Creating environment descriptor '/root/workspaces/ms1242_robotics_fall2025/challenge_hw1/ros2_ws/install/ArmBot_moveit/share/ArmBot_moveit/hook/ament_prefix_path.dsv'
[0.358s] INFO:colcon.colcon_core.shell:Creating environment hook '/root/workspaces/ms1242_robotics_fall2025/challenge_hw1/ros2_ws/install/ArmBot_moveit/share/ArmBot_moveit/hook/ament_prefix_path.sh'
[0.358s] INFO:colcon.colcon_core.shell:Skip shell extension 'powershell' for command environment: Not usable outside of PowerShell
[0.358s] DEBUG:colcon.colcon_core.shell:Skip shell extension 'dsv' for command environment
[0.538s] INFO:colcon.colcon_core.task.python.build:Building Python package in '/root/workspaces/ms1242_robotics_fall2025/challenge_hw1/ros2_ws/src/ArmBot_description/ArmBot_description'
[0.539s] INFO:colcon.colcon_core.shell:Skip shell extension 'powershell' for command environment: Not usable outside of PowerShell
[0.539s] DEBUG:colcon.colcon_core.shell:Skip shell extension 'dsv' for command environment
[0.710s] INFO:colcon.colcon_core.task.python.build:Building Python package in '/root/workspaces/ms1242_robotics_fall2025/challenge_hw1/ros2_ws/src/ArmBot_moveit'
[0.710s] INFO:colcon.colcon_core.shell:Skip shell extension 'powershell' for command environment: Not usable outside of PowerShell
[0.710s] DEBUG:colcon.colcon_core.shell:Skip shell extension 'dsv' for command environment
[1.347s] DEBUG:colcon.colcon_core.event_handler.log_command:Invoking command in '/root/workspaces/ms1242_robotics_fall2025/challenge_hw1/ros2_ws/build/ArmBot_moveit': PYTHONPATH=/root/workspaces/ms1242_robotics_fall2025/challenge_hw1/ros2_ws/build/ArmBot_moveit/prefix_override:/usr/lib/python3/dist-packages/colcon_core/task/python/colcon_distutils_commands:/root/workspaces/ms1242_robotics_fall2025/challenge_hw1/ros2_ws/install/ArmBot_moveit/lib/python3.12/site-packages:${PYTHONPATH} /usr/bin/python3 -W ignore:setup.py install is deprecated -W ignore:easy_install command is deprecated setup.py develop --editable --build-directory /root/workspaces/ms1242_robotics_fall2025/challenge_hw1/ros2_ws/build/ArmBot_moveit/build --no-deps symlink_data
[1.353s] DEBUG:colcon.colcon_core.event_handler.log_command:Invoking command in '/root/workspaces/ms1242_robotics_fall2025/challenge_hw1/ros2_ws/build/ArmBot_description': PYTHONPATH=/root/workspaces/ms1242_robotics_fall2025/challenge_hw1/ros2_ws/build/ArmBot_description/prefix_override:/usr/lib/python3/dist-packages/colcon_core/task/python/colcon_distutils_commands:/root/workspaces/ms1242_robotics_fall2025/challenge_hw1/ros2_ws/install/ArmBot_description/lib/python3.12/site-packages:${PYTHONPATH} /usr/bin/python3 -W ignore:setup.py install is deprecated -W ignore:easy_install command is deprecated setup.py develop --editable --build-directory /root/workspaces/ms1242_robotics_fall2025/challenge_hw1/ros2_ws/build/ArmBot_description/build --no-deps symlink_data
[1.844s] Level 1:colcon.colcon_core.shell:create_environment_hook('ArmBot_description', 'pythonpath_develop')
[1.844s] DEBUG:colcon.colcon_core.event_handler.log_command:Invoked command in '/root/workspaces/ms1242_robotics_fall2025/challenge_hw1/ros2_ws/build/ArmBot_description' returned '0': PYTHONPATH=/root/workspaces/ms1242_robotics_fall2025/challenge_hw1/ros2_ws/build/ArmBot_description/prefix_override:/usr/lib/python3/dist-packages/colcon_core/task/python/colcon_distutils_commands:/root/workspaces/ms1242_robotics_fall2025/challenge_hw1/ros2_ws/install/ArmBot_description/lib/python3.12/site-packages:${PYTHONPATH} /usr/bin/python3 -W ignore:setup.py install is deprecated -W ignore:easy_install command is deprecated setup.py develop --editable --build-directory /root/workspaces/ms1242_robotics_fall2025/challenge_hw1/ros2_ws/build/ArmBot_description/build --no-deps symlink_data
[1.845s] INFO:colcon.colcon_core.shell:Creating environment hook '/root/workspaces/ms1242_robotics_fall2025/challenge_hw1/ros2_ws/build/ArmBot_description/share/ArmBot_description/hook/pythonpath_develop.ps1'
[1.846s] INFO:colcon.colcon_core.shell:Creating environment descriptor '/root/workspaces/ms1242_robotics_fall2025/challenge_hw1/ros2_ws/build/ArmBot_description/share/ArmBot_description/hook/pythonpath_develop.dsv'
[1.847s] INFO:colcon.colcon_core.shell:Creating environment hook '/root/workspaces/ms1242_robotics_fall2025/challenge_hw1/ros2_ws/build/ArmBot_description/share/ArmBot_description/hook/pythonpath_develop.sh'
[1.853s] Level 1:colcon.colcon_core.environment:checking '/root/workspaces/ms1242_robotics_fall2025/challenge_hw1/ros2_ws/install/ArmBot_description' for CMake module files
[1.854s] Level 1:colcon.colcon_core.environment:checking '/root/workspaces/ms1242_robotics_fall2025/challenge_hw1/ros2_ws/install/ArmBot_description' for CMake config files
[1.854s] Level 1:colcon.colcon_core.environment:checking '/root/workspaces/ms1242_robotics_fall2025/challenge_hw1/ros2_ws/install/ArmBot_description/lib'
[1.855s] Level 1:colcon.colcon_core.environment:checking '/root/workspaces/ms1242_robotics_fall2025/challenge_hw1/ros2_ws/install/ArmBot_description/bin'
[1.855s] Level 1:colcon.colcon_core.environment:checking '/root/workspaces/ms1242_robotics_fall2025/challenge_hw1/ros2_ws/install/ArmBot_description/lib/pkgconfig/ArmBot_description.pc'
[1.855s] Level 1:colcon.colcon_core.environment:checking '/root/workspaces/ms1242_robotics_fall2025/challenge_hw1/ros2_ws/install/ArmBot_description/lib/python3.12/site-packages'
[1.855s] Level 1:colcon.colcon_core.shell:create_environment_hook('ArmBot_description', 'pythonpath')
[1.855s] INFO:colcon.colcon_core.shell:Creating environment hook '/root/workspaces/ms1242_robotics_fall2025/challenge_hw1/ros2_ws/install/ArmBot_description/share/ArmBot_description/hook/pythonpath.ps1'
[1.856s] INFO:colcon.colcon_core.shell:Creating environment descriptor '/root/workspaces/ms1242_robotics_fall2025/challenge_hw1/ros2_ws/install/ArmBot_description/share/ArmBot_description/hook/pythonpath.dsv'
[1.857s] INFO:colcon.colcon_core.shell:Creating environment hook '/root/workspaces/ms1242_robotics_fall2025/challenge_hw1/ros2_ws/install/ArmBot_description/share/ArmBot_description/hook/pythonpath.sh'
[1.858s] Level 1:colcon.colcon_core.environment:checking '/root/workspaces/ms1242_robotics_fall2025/challenge_hw1/ros2_ws/install/ArmBot_description/bin'
[1.858s] Level 1:colcon.colcon_core.environment:create_environment_scripts_only(ArmBot_description)
[1.858s] INFO:colcon.colcon_core.shell:Creating package script '/root/workspaces/ms1242_robotics_fall2025/challenge_hw1/ros2_ws/install/ArmBot_description/share/ArmBot_description/package.ps1'
[1.861s] INFO:colcon.colcon_core.shell:Creating package descriptor '/root/workspaces/ms1242_robotics_fall2025/challenge_hw1/ros2_ws/install/ArmBot_description/share/ArmBot_description/package.dsv'
[1.862s] INFO:colcon.colcon_core.shell:Creating package script '/root/workspaces/ms1242_robotics_fall2025/challenge_hw1/ros2_ws/install/ArmBot_description/share/ArmBot_description/package.sh'
[1.863s] INFO:colcon.colcon_core.shell:Creating package script '/root/workspaces/ms1242_robotics_fall2025/challenge_hw1/ros2_ws/install/ArmBot_description/share/ArmBot_description/package.bash'
[1.863s] INFO:colcon.colcon_core.shell:Creating package script '/root/workspaces/ms1242_robotics_fall2025/challenge_hw1/ros2_ws/install/ArmBot_description/share/ArmBot_description/package.zsh'
[1.864s] Level 1:colcon.colcon_core.environment:create_file_with_runtime_dependencies(/root/workspaces/ms1242_robotics_fall2025/challenge_hw1/ros2_ws/install/ArmBot_description/share/colcon-core/packages/ArmBot_description)
[1.866s] Level 1:colcon.colcon_core.shell:create_environment_hook('ArmBot_moveit', 'pythonpath_develop')
[1.866s] INFO:colcon.colcon_core.shell:Creating environment hook '/root/workspaces/ms1242_robotics_fall2025/challenge_hw1/ros2_ws/build/ArmBot_moveit/share/ArmBot_moveit/hook/pythonpath_develop.ps1'
[1.867s] DEBUG:colcon.colcon_core.event_handler.log_command:Invoked command in '/root/workspaces/ms1242_robotics_fall2025/challenge_hw1/ros2_ws/build/ArmBot_moveit' returned '0': PYTHONPATH=/root/workspaces/ms1242_robotics_fall2025/challenge_hw1/ros2_ws/build/ArmBot_moveit/prefix_override:/usr/lib/python3/dist-packages/colcon_core/task/python/colcon_distutils_commands:/root/workspaces/ms1242_robotics_fall2025/challenge_hw1/ros2_ws/install/ArmBot_moveit/lib/python3.12/site-packages:${PYTHONPATH} /usr/bin/python3 -W ignore:setup.py install is deprecated -W ignore:easy_install command is deprecated setup.py develop --editable --build-directory /root/workspaces/ms1242_robotics_fall2025/challenge_hw1/ros2_ws/build/ArmBot_moveit/build --no-deps symlink_data
[1.867s] INFO:colcon.colcon_core.shell:Creating environment descriptor '/root/workspaces/ms1242_robotics_fall2025/challenge_hw1/ros2_ws/build/ArmBot_moveit/share/ArmBot_moveit/hook/pythonpath_develop.dsv'
[1.867s] INFO:colcon.colcon_core.shell:Creating environment hook '/root/workspaces/ms1242_robotics_fall2025/challenge_hw1/ros2_ws/build/ArmBot_moveit/share/ArmBot_moveit/hook/pythonpath_develop.sh'
[1.868s] Level 1:colcon.colcon_core.environment:checking '/root/workspaces/ms1242_robotics_fall2025/challenge_hw1/ros2_ws/install/ArmBot_moveit' for CMake module files
[1.868s] Level 1:colcon.colcon_core.environment:checking '/root/workspaces/ms1242_robotics_fall2025/challenge_hw1/ros2_ws/install/ArmBot_moveit' for CMake config files
[1.869s] Level 1:colcon.colcon_core.environment:checking '/root/workspaces/ms1242_robotics_fall2025/challenge_hw1/ros2_ws/install/ArmBot_moveit/lib'
[1.869s] Level 1:colcon.colcon_core.environment:checking '/root/workspaces/ms1242_robotics_fall2025/challenge_hw1/ros2_ws/install/ArmBot_moveit/bin'
[1.869s] Level 1:colcon.colcon_core.environment:checking '/root/workspaces/ms1242_robotics_fall2025/challenge_hw1/ros2_ws/install/ArmBot_moveit/lib/pkgconfig/ArmBot_moveit.pc'
[1.869s] Level 1:colcon.colcon_core.environment:checking '/root/workspaces/ms1242_robotics_fall2025/challenge_hw1/ros2_ws/install/ArmBot_moveit/lib/python3.12/site-packages'
[1.869s] Level 1:colcon.colcon_core.shell:create_environment_hook('ArmBot_moveit', 'pythonpath')
[1.869s] INFO:colcon.colcon_core.shell:Creating environment hook '/root/workspaces/ms1242_robotics_fall2025/challenge_hw1/ros2_ws/install/ArmBot_moveit/share/ArmBot_moveit/hook/pythonpath.ps1'
[1.869s] INFO:colcon.colcon_core.shell:Creating environment descriptor '/root/workspaces/ms1242_robotics_fall2025/challenge_hw1/ros2_ws/install/ArmBot_moveit/share/ArmBot_moveit/hook/pythonpath.dsv'
[1.870s] INFO:colcon.colcon_core.shell:Creating environment hook '/root/workspaces/ms1242_robotics_fall2025/challenge_hw1/ros2_ws/install/ArmBot_moveit/share/ArmBot_moveit/hook/pythonpath.sh'
[1.870s] Level 1:colcon.colcon_core.environment:checking '/root/workspaces/ms1242_robotics_fall2025/challenge_hw1/ros2_ws/install/ArmBot_moveit/bin'
[1.870s] Level 1:colcon.colcon_core.environment:create_environment_scripts_only(ArmBot_moveit)
[1.870s] INFO:colcon.colcon_core.shell:Creating package script '/root/workspaces/ms1242_robotics_fall2025/challenge_hw1/ros2_ws/install/ArmBot_moveit/share/ArmBot_moveit/package.ps1'
[1.871s] INFO:colcon.colcon_core.shell:Creating package descriptor '/root/workspaces/ms1242_robotics_fall2025/challenge_hw1/ros2_ws/install/ArmBot_moveit/share/ArmBot_moveit/package.dsv'
[1.871s] INFO:colcon.colcon_core.shell:Creating package script '/root/workspaces/ms1242_robotics_fall2025/challenge_hw1/ros2_ws/install/ArmBot_moveit/share/ArmBot_moveit/package.sh'
[1.872s] INFO:colcon.colcon_core.shell:Creating package script '/root/workspaces/ms1242_robotics_fall2025/challenge_hw1/ros2_ws/install/ArmBot_moveit/share/ArmBot_moveit/package.bash'
[1.872s] INFO:colcon.colcon_core.shell:Creating package script '/root/workspaces/ms1242_robotics_fall2025/challenge_hw1/ros2_ws/install/ArmBot_moveit/share/ArmBot_moveit/package.zsh'
[1.872s] Level 1:colcon.colcon_core.environment:create_file_with_runtime_dependencies(/root/workspaces/ms1242_robotics_fall2025/challenge_hw1/ros2_ws/install/ArmBot_moveit/share/colcon-core/packages/ArmBot_moveit)
[1.873s] DEBUG:colcon.colcon_parallel_executor.executor.parallel:closing loop
[1.873s] DEBUG:colcon.colcon_parallel_executor.executor.parallel:loop closed
[1.873s] DEBUG:colcon.colcon_parallel_executor.executor.parallel:run_until_complete finished with '0'
[1.873s] DEBUG:colcon.colcon_core.event_reactor:joining thread
[1.882s] INFO:colcon.colcon_core.plugin_system:Skipping extension 'colcon_notification.desktop_notification.notify_send': Could not find 'notify-send'
[1.882s] INFO:colcon.colcon_core.plugin_system:Skipping extension 'colcon_notification.desktop_notification.terminal_notifier': Not used on non-Darwin systems
[1.882s] INFO:colcon.colcon_core.plugin_system:Skipping extension 'colcon_notification.desktop_notification.win32': Not used on non-Windows systems
[1.882s] INFO:colcon.colcon_notification.desktop_notification:Sending desktop notification using 'notify2'
[1.883s] DEBUG:colcon.colcon_notification.desktop_notification.notify2:Failed to initialize notify2: org.freedesktop.DBus.Error.ServiceUnknown: The name org.freedesktop.Notifications was not provided by any .service files
[1.883s] DEBUG:colcon.colcon_core.event_reactor:joined thread
[1.883s] INFO:colcon.colcon_core.shell:Creating prefix script '/root/workspaces/ms1242_robotics_fall2025/challenge_hw1/ros2_ws/install/local_setup.ps1'
[1.885s] INFO:colcon.colcon_core.shell:Creating prefix util module '/root/workspaces/ms1242_robotics_fall2025/challenge_hw1/ros2_ws/install/_local_setup_util_ps1.py'
[1.886s] INFO:colcon.colcon_core.shell:Creating prefix chain script '/root/workspaces/ms1242_robotics_fall2025/challenge_hw1/ros2_ws/install/setup.ps1'
[1.888s] INFO:colcon.colcon_core.shell:Creating prefix script '/root/workspaces/ms1242_robotics_fall2025/challenge_hw1/ros2_ws/install/local_setup.sh'
[1.889s] INFO:colcon.colcon_core.shell:Creating prefix util module '/root/workspaces/ms1242_robotics_fall2025/challenge_hw1/ros2_ws/install/_local_setup_util_sh.py'
[1.889s] INFO:colcon.colcon_core.shell:Creating prefix chain script '/root/workspaces/ms1242_robotics_fall2025/challenge_hw1/ros2_ws/install/setup.sh'
[1.891s] INFO:colcon.colcon_core.shell:Creating prefix script '/root/workspaces/ms1242_robotics_fall2025/challenge_hw1/ros2_ws/install/local_setup.bash'
[1.892s] INFO:colcon.colcon_core.shell:Creating prefix chain script '/root/workspaces/ms1242_robotics_fall2025/challenge_hw1/ros2_ws/install/setup.bash'
[1.893s] INFO:colcon.colcon_core.shell:Creating prefix script '/root/workspaces/ms1242_robotics_fall2025/challenge_hw1/ros2_ws/install/local_setup.zsh'
[1.894s] INFO:colcon.colcon_core.shell:Creating prefix chain script '/root/workspaces/ms1242_robotics_fall2025/challenge_hw1/ros2_ws/install/setup.zsh'
