running develop
running egg_info
writing ArmBot_description.egg-info/PKG-INFO
writing dependency_links to ArmBot_description.egg-info/dependency_links.txt
writing requirements to ArmBot_description.egg-info/requires.txt
writing top-level names to ArmBot_description.egg-info/top_level.txt
reading manifest file 'ArmBot_description.egg-info/SOURCES.txt'
writing manifest file 'ArmBot_description.egg-info/SOURCES.txt'
running build_ext
Creating /root/workspaces/ms1242_robotics_fall2025/challenge_hw1/ros2_ws/install/ArmBot_description/lib/python3.12/site-packages/ArmBot-description.egg-link (link to .)

Installed /root/workspaces/ms1242_robotics_fall2025/challenge_hw1/ros2_ws/build/ArmBot_description
running symlink_data
symbolically linking /root/workspaces/ms1242_robotics_fall2025/challenge_hw1/ros2_ws/build/ArmBot_description/resource/ArmBot_description -> /root/workspaces/ms1242_robotics_fall2025/challenge_hw1/ros2_ws/install/ArmBot_description/share/ament_index/resource_index/packages
symbolically linking /root/workspaces/ms1242_robotics_fall2025/challenge_hw1/ros2_ws/build/ArmBot_description/package.xml -> /root/workspaces/ms1242_robotics_fall2025/challenge_hw1/ros2_ws/install/ArmBot_description/share/ArmBot_description
symbolically linking /root/workspaces/ms1242_robotics_fall2025/challenge_hw1/ros2_ws/build/ArmBot_description/launch/display.launch.py -> /root/workspaces/ms1242_robotics_fall2025/challenge_hw1/ros2_ws/install/ArmBot_description/share/ArmBot_description/launch
symbolically linking /root/workspaces/ms1242_robotics_fall2025/challenge_hw1/ros2_ws/build/ArmBot_description/launch/gazebo.launch.py -> /root/workspaces/ms1242_robotics_fall2025/challenge_hw1/ros2_ws/install/ArmBot_description/share/ArmBot_description/launch
symbolically linking /root/workspaces/ms1242_robotics_fall2025/challenge_hw1/ros2_ws/build/ArmBot_description/urdf/ArmBot.gazebo -> /root/workspaces/ms1242_robotics_fall2025/challenge_hw1/ros2_ws/install/ArmBot_description/share/ArmBot_description/urdf
symbolically linking /root/workspaces/ms1242_robotics_fall2025/challenge_hw1/ros2_ws/build/ArmBot_description/urdf/ArmBot.ros2control -> /root/workspaces/ms1242_robotics_fall2025/challenge_hw1/ros2_ws/install/ArmBot_description/share/ArmBot_description/urdf
symbolically linking /root/workspaces/ms1242_robotics_fall2025/challenge_hw1/ros2_ws/build/ArmBot_description/urdf/ArmBot.xacro -> /root/workspaces/ms1242_robotics_fall2025/challenge_hw1/ros2_ws/install/ArmBot_description/share/ArmBot_description/urdf
symbolically linking /root/workspaces/ms1242_robotics_fall2025/challenge_hw1/ros2_ws/build/ArmBot_description/urdf/materials.xacro -> /root/workspaces/ms1242_robotics_fall2025/challenge_hw1/ros2_ws/install/ArmBot_description/share/ArmBot_description/urdf
symbolically linking /root/workspaces/ms1242_robotics_fall2025/challenge_hw1/ros2_ws/build/ArmBot_description/meshes/base_link.stl -> /root/workspaces/ms1242_robotics_fall2025/challenge_hw1/ros2_ws/install/ArmBot_description/share/ArmBot_description/meshes
symbolically linking /root/workspaces/ms1242_robotics_fall2025/challenge_hw1/ros2_ws/build/ArmBot_description/meshes/link_1_1.stl -> /root/workspaces/ms1242_robotics_fall2025/challenge_hw1/ros2_ws/install/ArmBot_description/share/ArmBot_description/meshes
symbolically linking /root/workspaces/ms1242_robotics_fall2025/challenge_hw1/ros2_ws/build/ArmBot_description/meshes/link_2_1.stl -> /root/workspaces/ms1242_robotics_fall2025/challenge_hw1/ros2_ws/install/ArmBot_description/share/ArmBot_description/meshes
symbolically linking /root/workspaces/ms1242_robotics_fall2025/challenge_hw1/ros2_ws/build/ArmBot_description/meshes/link_3_1.stl -> /root/workspaces/ms1242_robotics_fall2025/challenge_hw1/ros2_ws/install/ArmBot_description/share/ArmBot_description/meshes
symbolically linking /root/workspaces/ms1242_robotics_fall2025/challenge_hw1/ros2_ws/build/ArmBot_description/meshes/link_4_1.stl -> /root/workspaces/ms1242_robotics_fall2025/challenge_hw1/ros2_ws/install/ArmBot_description/share/ArmBot_description/meshes
symbolically linking /root/workspaces/ms1242_robotics_fall2025/challenge_hw1/ros2_ws/build/ArmBot_description/meshes/link_5_1.stl -> /root/workspaces/ms1242_robotics_fall2025/challenge_hw1/ros2_ws/install/ArmBot_description/share/ArmBot_description/meshes
symbolically linking /root/workspaces/ms1242_robotics_fall2025/challenge_hw1/ros2_ws/build/ArmBot_description/meshes/link_6_1.stl -> /root/workspaces/ms1242_robotics_fall2025/challenge_hw1/ros2_ws/install/ArmBot_description/share/ArmBot_description/meshes
symbolically linking /root/workspaces/ms1242_robotics_fall2025/challenge_hw1/ros2_ws/build/ArmBot_description/config/display.rviz -> /root/workspaces/ms1242_robotics_fall2025/challenge_hw1/ros2_ws/install/ArmBot_description/share/ArmBot_description/config
symbolically linking /root/workspaces/ms1242_robotics_fall2025/challenge_hw1/ros2_ws/build/ArmBot_description/config/gazebo.rviz -> /root/workspaces/ms1242_robotics_fall2025/challenge_hw1/ros2_ws/install/ArmBot_description/share/ArmBot_description/config
symbolically linking /root/workspaces/ms1242_robotics_fall2025/challenge_hw1/ros2_ws/build/ArmBot_description/config/ros_gz_bridge_gazebo.yaml -> /root/workspaces/ms1242_robotics_fall2025/challenge_hw1/ros2_ws/install/ArmBot_description/share/ArmBot_description/config
