[0.992s] Invoking command in '/root/workspaces/ms1242_robotics_fall2025/challenge_hw1/ros2_ws/build/ArmBot_moveit': PYTHONPATH=/root/workspaces/ms1242_robotics_fall2025/challenge_hw1/ros2_ws/build/ArmBot_moveit/prefix_override:/usr/lib/python3/dist-packages/colcon_core/task/python/colcon_distutils_commands:/root/workspaces/ms1242_robotics_fall2025/challenge_hw1/ros2_ws/install/ArmBot_moveit/lib/python3.12/site-packages:${PYTHONPATH} /usr/bin/python3 -W ignore:setup.py install is deprecated -W ignore:easy_install command is deprecated setup.py develop --editable --build-directory /root/workspaces/ms1242_robotics_fall2025/challenge_hw1/ros2_ws/build/ArmBot_moveit/build --no-deps symlink_data
[1.252s] running develop
[1.410s] running egg_info
[1.410s] creating ArmBot_moveit.egg-info
[1.425s] writing ArmBot_moveit.egg-info/PKG-INFO
[1.425s] writing dependency_links to ArmBot_moveit.egg-info/dependency_links.txt
[1.425s] writing entry points to ArmBot_moveit.egg-info/entry_points.txt
[1.425s] writing requirements to ArmBot_moveit.egg-info/requires.txt
[1.427s] writing top-level names to ArmBot_moveit.egg-info/top_level.txt
[1.427s] writing manifest file 'ArmBot_moveit.egg-info/SOURCES.txt'
[1.455s] reading manifest file 'ArmBot_moveit.egg-info/SOURCES.txt'
[1.455s] writing manifest file 'ArmBot_moveit.egg-info/SOURCES.txt'
[1.469s] running build_ext
[1.469s] Creating /root/workspaces/ms1242_robotics_fall2025/challenge_hw1/ros2_ws/install/ArmBot_moveit/lib/python3.12/site-packages/ArmBot-moveit.egg-link (link to .)
[1.469s] Installing pick_and_place script to /root/workspaces/ms1242_robotics_fall2025/challenge_hw1/ros2_ws/install/ArmBot_moveit/lib/ArmBot_moveit
[1.470s] 
[1.470s] Installed /root/workspaces/ms1242_robotics_fall2025/challenge_hw1/ros2_ws/build/ArmBot_moveit
[1.471s] running symlink_data
[1.471s] creating /root/workspaces/ms1242_robotics_fall2025/challenge_hw1/ros2_ws/install/ArmBot_moveit/share/ament_index
[1.472s] creating /root/workspaces/ms1242_robotics_fall2025/challenge_hw1/ros2_ws/install/ArmBot_moveit/share/ament_index/resource_index
[1.473s] creating /root/workspaces/ms1242_robotics_fall2025/challenge_hw1/ros2_ws/install/ArmBot_moveit/share/ament_index/resource_index/packages
[1.473s] symbolically linking /root/workspaces/ms1242_robotics_fall2025/challenge_hw1/ros2_ws/build/ArmBot_moveit/resource/ArmBot_moveit -> /root/workspaces/ms1242_robotics_fall2025/challenge_hw1/ros2_ws/install/ArmBot_moveit/share/ament_index/resource_index/packages
[1.474s] symbolically linking /root/workspaces/ms1242_robotics_fall2025/challenge_hw1/ros2_ws/build/ArmBot_moveit/package.xml -> /root/workspaces/ms1242_robotics_fall2025/challenge_hw1/ros2_ws/install/ArmBot_moveit/share/ArmBot_moveit
[1.512s] Invoked command in '/root/workspaces/ms1242_robotics_fall2025/challenge_hw1/ros2_ws/build/ArmBot_moveit' returned '0': PYTHONPATH=/root/workspaces/ms1242_robotics_fall2025/challenge_hw1/ros2_ws/build/ArmBot_moveit/prefix_override:/usr/lib/python3/dist-packages/colcon_core/task/python/colcon_distutils_commands:/root/workspaces/ms1242_robotics_fall2025/challenge_hw1/ros2_ws/install/ArmBot_moveit/lib/python3.12/site-packages:${PYTHONPATH} /usr/bin/python3 -W ignore:setup.py install is deprecated -W ignore:easy_install command is deprecated setup.py develop --editable --build-directory /root/workspaces/ms1242_robotics_fall2025/challenge_hw1/ros2_ws/build/ArmBot_moveit/build --no-deps symlink_data
